python : Traceback 
(most recent call 
last):
En línea: 1 Carácter: 
1
+ python manage.py 
test lectorqr > 
test_output.txt 2>&1
+ ~~~~~~~~~~~~~~~~~~~~
~~~~~~~~~~~~~~~~~~~~~~
~~~~~~~~~~~
    + CategoryInfo    
          : NotSpeci  
  fied: (Traceback    
 (most recent call    
 last)::String) [    
], RemoteExceptio    n
    + FullyQualifiedE 
   rrorId : NativeCo  
  mmandError
 
  File "C:\Users\AGISJ
\Desktop\Luis2\manage.
py", line 22, in 
<module>
    main()
  File "C:\Users\AGISJ
\Desktop\Luis2\manage.
py", line 18, in main
    execute_from_comma
nd_line(sys.argv)
  File "C:\Users\AGISJ
\AppData\Local\Program
s\Python\Python312\Lib
\site-packages\django\
core\management\__init
__.py", line 442, in e
xecute_from_command_li
ne
    utility.execute()
  File "C:\Users\AGISJ
\AppData\Local\Program
s\Python\Python312\Lib
\site-packages\django\
core\management\__init
__.py", line 416, in 
execute
    django.setup()
  File "C:\Users\AGISJ
\AppData\Local\Program
s\Python\Python312\Lib
\site-packages\django\
__init__.py", line 
24, in setup
    apps.populate(sett
ings.INSTALLED_APPS)
  File "C:\Users\AGISJ
\AppData\Local\Program
s\Python\Python312\Lib
\site-packages\django\
apps\registry.py", 
line 124, in populate
    app_config.ready()
  File "C:\Users\AGISJ
\AppData\Local\Program
s\Python\Python312\Lib
\site-packages\django\
contrib\admin\apps.py"
, line 27, in ready
    self.module.autodi
scover()
  File "C:\Users\AGISJ
\AppData\Local\Program
s\Python\Python312\Lib
\site-packages\django\
contrib\admin\__init__
.py", line 52, in 
autodiscover
    autodiscover_modul
es("admin", 
register_to=site)
  File "C:\Users\AGISJ
\AppData\Local\Program
s\Python\Python312\Lib
\site-packages\django\
utils\module_loading.p
y", line 58, in 
autodiscover_modules
    
import_module("%s.%s" 
% (app_config.name, 
module_to_search))
  File "C:\Users\AGISJ
\AppData\Local\Program
s\Python\Python312\Lib
\importlib\__init__.py
", line 90, in 
import_module
    return _bootstrap.
_gcd_import(name[level
:], package, level)
           ^^^^^^^^^^^
^^^^^^^^^^^^^^^^^^^^^^
^^^^^^^^^^^^^^^^^^^
  File "<frozen import
lib._bootstrap>", 
line 1387, in 
_gcd_import
  File "<frozen import
lib._bootstrap>", 
line 1360, in 
_find_and_load
  File "<frozen import
lib._bootstrap>", 
line 1331, in _find_an
d_load_unlocked
  File "<frozen import
lib._bootstrap>", 
line 935, in 
_load_unlocked
  File "<frozen import
lib._bootstrap_externa
l>", line 999, in 
exec_module
  File "<frozen import
lib._bootstrap>", 
line 488, in _call_wit
h_frames_removed
  File "C:\Users\AGISJ
\Desktop\Luis2\lectorq
r\admin.py", line 6, 
in <module>
    @admin.register(mo
dels.ScanLog)
                    
^^^^^^
NameError: name 
'models' is not 
defined
